[13:12:31][I][app:100]: ESPHome version 2025.4.2 compiled on Apr 29 2026, 13:09:08
[13:12:31][I][app:102]: Project james.retro-fujitsu version 3B.9
[13:12:31][C][status_led:065]: Status Led Light:
[13:12:31][C][status_led:066]:   Pin: GPIO2
[13:12:31][C][wifi:600]: WiFi:
[13:12:31][C][wifi:428]:   Local MAC: A4:F0:0F:69:19:E8
[13:12:31][C][wifi:433]:   SSID: 'moose'
[13:12:31][C][wifi:436]:   IP Address: 192.168.1.40
[13:12:31][C][wifi:440]:   BSSID: 00:11:32:84:54:AF
[13:12:31][C][wifi:441]:   Hostname: 'aircon'
[13:12:31][C][wifi:443]:   Signal strength: -63 dB [13:12:32][V][wifi:445]:   Priority: 0.0
[13:12:32][C][wifi:447]:   Channel: 2
[13:12:32][C][wifi:448]:   Subnet: 255.255.255.0
[13:12:32][C][wifi:449]:   Gateway: 192.168.1.1
[13:12:32][C][wifi:450]:   DNS1: 192.168.1.1
[13:12:32][C][wifi:451]:   DNS2: 0.0.0.0
[13:12:32][C][logger:177]: Logger:
[13:12:32][C][logger:178]:   Max Level: VERBOSE
[13:12:32][C][logger:179]:   Initial Level: VERBOSE
[13:12:32][C][logger:181]:   Log Baud Rate: 115200
[13:12:32][C][logger:182]:   Hardware UART: UART0
[13:12:32][C][logger:186]:   Level for 'fujitsu.climate': DEBUG
[13:12:32][C][logger:186]:   Level for 'fujitsu.heatpump': DEBUG
[13:12:32][C][logger:186]:   Level for 'uart': WARN
[13:12:32][C][uart.arduino_esp32:151]: UART Bus 1:
[13:12:32][C][uart.arduino_esp32:152]:   TX Pin: GPIO17
[13:12:32][C][uart.arduino_esp32:153]:   RX Pin: GPIO16
[13:12:32][C][uart.arduino_esp32:155]:   RX Buffer Size: 256
[13:12:32][C][uart.arduino_esp32:157]:   Baud Rate: 500 baud
[13:12:32][C][uart.arduino_esp32:158]:   Data Bits: 8
[13:12:32][C][uart.arduino_esp32:159]:   Parity: NONE
[13:12:32][C][uart.arduino_esp32:160]:   Stop bits: 1
[13:12:32][C][uptime.sensor:033]: Uptime Sensor 'Uptime'
[13:12:32][C][uptime.sensor:033]:   Device Class: 'duration'
[13:12:32][C][uptime.sensor:033]:   State Class: 'total_increasing'
[13:12:32][C][uptime.sensor:033]:   Unit of Measurement: 's'
[13:12:32][C][uptime.sensor:033]:   Accuracy Decimals: 0
[13:12:32][C][uptime.sensor:033]:   Icon: 'mdi:timer-outline'
[13:12:32][V][uptime.sensor:033]:   Unique ID: 'a4f00f6919e8-uptime'
[13:12:32][C][uptime.sensor:034]:   Type: Seconds
[13:12:32][C][template.sensor:022]: Template Sensor 'Free Heap Memory'
[13:12:32][C][template.sensor:022]:   State Class: ''
[13:12:32][C][template.sensor:022]:   Unit of Measurement: 'bytes'
[13:12:32][C][template.sensor:022]:   Accuracy Decimals: 1
[13:12:32][C][template.sensor:023]:   Update Interval: 60.0s
[13:12:32][C][light:092]: Light 'Status LED'
[13:12:32][C][wifi_info:014]: WifiInfo Mac Address 'MAC Address'
[13:12:32][V][wifi_info:014]:   Unique ID: 'a4f00f6919e8-wifiinfo-macadr'
[13:12:32][C][version.text_sensor:021]: Version Text Sensor 'ESPHome Version'
[13:12:32][C][version.text_sensor:021]:   Icon: 'mdi:new-box'
[13:12:32][V][version.text_sensor:021]:   Unique ID: 'a4f00f6919e8-version'
[13:12:32][C][status:034]: Status Binary Sensor 'Status'
[13:12:32][C][status:034]:   Device Class: 'connectivity'
[13:12:32][C][restart:068]: Restart Switch 'Restart'
[13:12:32][C][restart:070]:   Icon: 'mdi:restart'
[13:12:32][C][restart:091]:   Restore Mode: always OFF
[13:12:32][C][safe_mode.button:024]: Safe Mode Button 'Safe Mode Boot'
[13:12:32][C][safe_mode.button:024]:   Icon: 'mdi:restart-alert'
[13:12:32][D][status_led:050]: 'Status LED': Setting state ON
[13:12:32][C][homeassistant.time:010]: Home Assistant Time:
[13:12:32][C][homeassistant.time:011]:   Timezone: 'NZST-12NZDT,M9.5.0,M4.1.0/3'
[13:12:32][C][captive_portal:089]: Captive Portal:
[13:12:32][D][fujitsu.heatpump:083]: Invalid frame: start=0xDF end=0xFF
[13:12:32][D][fujitsu.heatpump:083]: Invalid frame: start=0xFF end=0xDF
[13:12:32][C][web_server:285]: Web Server:
[13:12:32][C][web_server:286]:   Address: aircon.local:80
[13:12:32][C][mdns:116]: mDNS:
[13:12:32][C][mdns:117]:   Hostname: aircon
[13:12:32][V][mdns:118]:   Services:
[13:12:32][V][mdns:120]:   - _esphomelib, _tcp, 6053
[13:12:32][V][mdns:122]:     TXT: friendly_name = Aircon
[13:12:32][V][mdns:122]:     TXT: version = 2025.4.2
[13:12:32][V][mdns:122]:     TXT: mac = a4f00f6919e8
[13:12:32][V][mdns:122]:     TXT: platform = ESP32
[13:12:32][V][mdns:122]:     TXT: board = esp32dev
[13:12:32][V][mdns:122]:     TXT: network = wifi
[13:12:32][V][mdns:122]:     TXT: project_name = james.retro-fujitsu
[13:12:32][V][mdns:122]:     TXT: project_version = 3B.9
[13:12:32][V][mdns:120]:   - _http, _tcp, 80
[13:12:32][C][esphome.ota:073]: Over-The-Air updates:
[13:12:32][C][esphome.ota:074]:   Address: aircon.local:3232
[13:12:32][C][esphome.ota:075]:   Version: 2
[13:12:32][C][safe_mode:018]: Safe Mode:
[13:12:32][C][safe_mode:020]:   Boot considered successful after 60 seconds
[13:12:32][C][safe_mode:021]:   Invoke after 10 boot attempts
[13:12:32][C][safe_mode:023]:   Remain in safe mode for 600 seconds
[13:12:32][C][api:140]: API Server:
[13:12:32][C][api:141]:   Address: aircon.local:6053
[13:12:32][C][api:145]:   Using noise encryption: NO
[13:12:32][C][fujitsu.climate:057]: Fujitsu Heat Pump Climate:
[13:12:32][C][fujitsu.climate:058]:   Hardware present: NO
[13:12:32][C][fujitsu.climate:059]:   Controller: Secondary
[13:12:32][C][fujitsu.climate:060]:   LIN Interface: TJA1021
[13:12:32][C][wifi_signal.sensor:010]: WiFi Signal 'WiFi Signal'
[13:12:32][C][wifi_signal.sensor:010]:   Device Class: 'signal_strength'
[13:12:32][C][wifi_signal.sensor:010]:   State Class: 'measurement'
[13:12:32][C][wifi_signal.sensor:010]:   Unit of Measurement: 'dBm'
[13:12:32][C][wifi_signal.sensor:010]:   Accuracy Decimals: 0
[13:12:32][V][wifi_signal.sensor:010]:   Unique ID: 'a4f00f6919e8-wifisignal'
[13:12:32][C][wifi_info:012]: WifiInfo SSID 'WiFi SSID'
[13:12:32][V][wifi_info:012]:   Unique ID: 'a4f00f6919e8-wifiinfo-ssid'
[13:12:32][C][wifi_info:010]: WifiInfo IPAddress 'IP Address'
[13:12:32][V][wifi_info:010]:   Unique ID: 'a4f00f6919e8-wifiinfo-ip'
[13:12:32][D][fujitsu.heatpump:083]: Invalid frame: start=0xDF end=0xFF
[13:12:32][D][fujitsu.heatpump:083]: Invalid frame: start=0xFF end=0xDF
[13:12:32][D][status_led:050]: 'Status LED': Setting state OFF
[13:12:32][D][fujitsu.heatpump:083]: Invalid frame: start=0xDF end=0xFF
[13:12:32][D][fujitsu.heatpump:083]: Invalid frame: start=0xFF end=0xDF
[13:12:32][V][sensor:043]: 'WiFi Signal': Received new state -62.000000
[13:12:32][D][sensor:094]: 'WiFi Signal': Sending state -62.00000 dBm with 0 decimals of accuracy
[13:12:32][D][fujitsu.heatpump:083]: Invalid frame: start=0xDF end=0xFF
[13:12:32][D][fujitsu.heatpump:083]: Invalid frame: start=0xFF end=0xDF
[13:12:32][D][fujitsu.heatpump:083]: Invalid frame: start=0xDF end=0xFF
[13:12:32][D][fujitsu.heatpump:083]: Invalid frame: start=0xFF end=0xDF
[13:12:32][D][status_led:050]: 'Status LED': Setting state ON
[13:12:32][D][fujitsu.heatpump:083]: Invalid frame: start=0xDF end=0xFF
[13:12:32][D][fujitsu.heatpump:083]: Invalid frame: start=0xFF end=0xDF
[13:12:32][D][status_led:050]: 'Status LED': Setting state OFF
[13:12:32][D][fujitsu.heatpump:083]: Invalid frame: start=0xDF end=0xFF
[13:12:32][D][fujitsu.heatpump:083]: Invalid frame: start=0xFF end=0xDF
[13:12:32][D][fujitsu.heatpump:083]: Invalid frame: start=0xDF end=0xFF
[13:12:32][D][fujitsu.heatpump:083]: Invalid frame: start=0xFF end=0xDF
[13:12:32][D][fujitsu.heatpump:083]: Invalid frame: start=0xDF end=0xFF
[13:12:32][D][fujitsu.heatpump:083]: Invalid frame: start=0xFF end=0xDF
[13:12:32][D][status_led:050]: 'Status LED': Setting state ON
[13:12:38][D][status_led:050]: 'Status LED': Setting state OFF
[13:12:38][D][fujitsu.heatpump:083]: Invalid frame: start=0xDF end=0xFF
[13:12:38][D][fujitsu.heatpump:083]: Invalid frame: start=0xFF end=0xDF
[13:12:38][D][fujitsu.heatpump:083]: Invalid frame: start=0xDF end=0xFF
[13:12:38][D][fujitsu.heatpump:083]: Invalid frame: start=0xFF end=0xDF
[13:12:38][D][fujitsu.heatpump:083]: Invalid frame: start=0xDF end=0xFF
[13:12:38][D][fujitsu.heatpump:083]: Invalid frame: start=0xFF end=0xDF
[13:12:38][D][fujitsu.heatpump:083]: Invalid frame: start=0xDF end=0xFF
[13:12:38][D][fujitsu.heatpump:083]: Invalid frame: start=0xFF end=0xDF
[13:12:38][D][fujitsu.heatpump:083]: Invalid frame: start=0xDF end=0xFF
[13:12:38][D][fujitsu.heatpump:083]: Invalid frame: start=0xFF end=0xDF
[13:12:38][D][fujitsu.heatpump:083]: Invalid frame: start=0xDF end=0xFF
[13:12:38][D][fujitsu.heatpump:083]: Invalid frame: start=0xFF end=0xDF
[13:12:38][D][status_led:050]: 'Status LED': Setting state ON
[13:12:38][D][fujitsu.heatpump:083]: Invalid frame: start=0xDF end=0xFF
[13:12:38][D][fujitsu.heatpump:083]: Invalid frame: start=0xFF end=0xDF
[13:12:38][D][status_led:050]: 'Status LED': Setting state OFF
[13:12:38][D][fujitsu.heatpump:083]: Invalid frame: start=0xDF end=0xFF
[13:12:38][D][fujitsu.heatpump:083]: Invalid frame: start=0xFF end=0xDF
[13:12:38][D][fujitsu.heatpump:083]: Invalid frame: start=0xDF end=0xFF
[13:12:38][D][fujitsu.heatpump:083]: Invalid frame: start=0xFF end=0xDF
[13:12:38][D][fujitsu.heatpump:083]: Invalid frame: start=0xDF end=0xFF
[13:12:38][D][fujitsu.heatpump:083]: Invalid frame: start=0xFF end=0xDF
[13:12:38][D][status_led:050]: 'Status LED': Setting state ON
[13:12:38][D][fujitsu.heatpump:083]: Invalid frame: start=0xDF end=0xFF
[13:12:38][D][fujitsu.heatpump:083]: Invalid frame: start=0xFF end=0xDF
[13:12:38][D][fujitsu.heatpump:083]: Invalid frame: start=0xDF end=0xFF
[13:12:38][D][fujitsu.heatpump:083]: Invalid frame: start=0xFF end=0xDF
[13:12:38][D][status_led:050]: 'Status LED': Setting state OFF
[13:12:38][D][fujitsu.heatpump:083]: Invalid frame: start=0xDF end=0xFF
[13:12:38][D][fujitsu.heatpump:083]: Invalid frame: start=0xFF end=0xDF
[13:12:38][D][fujitsu.heatpump:083]: Invalid frame: start=0xDF end=0xFF
[13:12:38][D][fujitsu.heatpump:083]: Invalid frame: start=0xFF end=0xDF
[13:12:38][D][fujitsu.heatpump:083]: Invalid frame: start=0xDF end=0xFF
[13:12:38][D][fujitsu.heatpump:083]: Invalid frame: start=0xFF end=0xDF
[13:12:38][D][status_led:050]: 'Status LED': Setting state ON
[13:12:44][D][status_led:050]: 'Status LED': Setting state OFF
[13:12:44][D][fujitsu.heatpump:083]: Invalid frame: start=0xDF end=0xFF
[13:12:44][D][fujitsu.heatpump:083]: Invalid frame: start=0xFF end=0xDF
[13:12:44][D][fujitsu.heatpump:083]: Invalid frame: start=0xDF end=0xFF
[13:12:44][D][fujitsu.heatpump:083]: Invalid frame: start=0xFF end=0xDF
[13:12:44][D][fujitsu.heatpump:083]: Invalid frame: start=0xDF end=0xFF
[13:12:44][D][fujitsu.heatpump:083]: Invalid frame: start=0xFF end=0xDF
[13:12:44][D][fujitsu.heatpump:083]: Invalid frame: start=0xDF end=0xFF
[13:12:44][D][fujitsu.heatpump:083]: Invalid frame: start=0xFF end=0xDF
[13:12:44][D][fujitsu.heatpump:083]: Invalid frame: start=0xDF end=0xFF
[13:12:44][D][fujitsu.heatpump:083]: Invalid frame: start=0xFF end=0xDF
[13:12:44][D][status_led:050]: 'Status LED': Setting state ON
[13:12:44][D][fujitsu.heatpump:083]: Invalid frame: start=0xDF end=0xFF
[13:12:44][D][fujitsu.heatpump:083]: Invalid frame: start=0xFF end=0xDF
[13:12:44][D][status_led:050]: 'Status LED': Setting state OFF
[13:12:44][D][fujitsu.heatpump:083]: Invalid frame: start=0xDF end=0xFF
[13:12:44][D][fujitsu.heatpump:083]: Invalid frame: start=0xFF end=0xDF
[13:12:44][D][fujitsu.heatpump:083]: Invalid frame: start=0xDF end=0xFF
[13:12:44][D][fujitsu.heatpump:083]: Invalid frame: start=0xFF end=0xDF
[13:12:44][D][fujitsu.heatpump:083]: Invalid frame: start=0xDF end=0xFF
[13:12:44][D][fujitsu.heatpump:083]: Invalid frame: start=0xFF end=0xDF
[13:12:44][D][fujitsu.heatpump:083]: Invalid frame: start=0xDF end=0xFF
[13:12:44][D][fujitsu.heatpump:083]: Invalid frame: start=0xFF end=0xDF
[13:12:44][D][status_led:050]: 'Status LED': Setting state ON
[13:12:44][D][fujitsu.heatpump:083]: Invalid frame: start=0xDF end=0xFF
[13:12:44][D][fujitsu.heatpump:083]: Invalid frame: start=0xFF end=0xDF
[13:12:44][D][status_led:050]: 'Status LED': Setting state OFF
[13:12:44][D][fujitsu.heatpump:083]: Invalid frame: start=0xDF end=0xFF
[13:12:44][D][fujitsu.heatpump:083]: Invalid frame: start=0xFF end=0xDF
[13:12:44][D][fujitsu.heatpump:083]: Invalid frame: start=0xDF end=0xFF
[13:12:44][D][fujitsu.heatpump:083]: Invalid frame: start=0xFF end=0xDF
[13:12:44][D][fujitsu.heatpump:083]: Invalid frame: start=0xDF end=0xFF
[13:12:44][D][fujitsu.heatpump:083]: Invalid frame: start=0xFF end=0xDF
[13:12:44][D][status_led:050]: 'Status LED': Setting state ON
[13:12:45][D][status_led:050]: 'Status LED': Setting state OFF
[13:12:45][D][fujitsu.heatpump:083]: Invalid frame: start=0xDF end=0xFF
[13:12:45][D][fujitsu.heatpump:083]: Invalid frame: start=0xFF end=0xDF
[13:12:45][D][fujitsu.heatpump:083]: Invalid frame: start=0xDF end=0xFF
[13:12:45][D][fujitsu.heatpump:083]: Invalid frame: start=0xFF end=0xDF
[13:12:45][D][fujitsu.heatpump:083]: Invalid frame: start=0xDF end=0xFF
[13:12:45][D][fujitsu.heatpump:083]: Invalid frame: start=0xFF end=0xDF
[13:12:45][D][fujitsu.heatpump:083]: Invalid frame: start=0xDF end=0xFF
[13:12:45][D][fujitsu.heatpump:083]: Invalid frame: start=0xFF end=0xDF
[13:12:48][D][status_led:050]: 'Status LED': Setting state ON
[13:12:48][D][fujitsu.heatpump:083]: Invalid frame: start=0xDF end=0xFF
[13:12:48][D][fujitsu.heatpump:083]: Invalid frame: start=0xFF end=0xDF
[13:12:48][D][fujitsu.heatpump:083]: Invalid frame: start=0xDF end=0xFF
[13:12:48][D][fujitsu.heatpump:083]: Invalid frame: start=0xFF end=0xDF
[13:12:48][D][status_led:050]: 'Status LED': Setting state OFF
[13:12:48][D][fujitsu.heatpump:083]: Invalid frame: start=0xDF end=0xFF
[13:12:48][D][fujitsu.heatpump:083]: Invalid frame: start=0xFF end=0xDF
[13:12:48][D][fujitsu.heatpump:083]: Invalid frame: start=0xDF end=0xFF
[13:12:48][D][fujitsu.heatpump:083]: Invalid frame: start=0xFF end=0xDF
[13:12:48][D][fujitsu.heatpump:083]: Invalid frame: start=0xDF end=0xFF
[13:12:48][D][fujitsu.heatpump:083]: Invalid frame: start=0xFF end=0xDF
[13:12:48][D][fujitsu.heatpump:083]: Invalid frame: start=0xDF end=0xFF
[13:12:48][D][fujitsu.heatpump:083]: Invalid frame: start=0xFF end=0xDF
[13:12:48][D][status_led:050]: 'Status LED': Setting state ON
[13:12:48][D][fujitsu.heatpump:083]: Invalid frame: start=0xDF end=0xFF
[13:12:48][D][fujitsu.heatpump:083]: Invalid frame: start=0xFF end=0xDF
[13:12:48][D][status_led:050]: 'Status LED': Setting state OFF
[13:12:49][D][fujitsu.heatpump:083]: Invalid frame: start=0xDF end=0xFF
[13:12:49][D][fujitsu.heatpump:083]: Invalid frame: start=0xFF end=0xDF
[13:12:49][D][fujitsu.heatpump:083]: Invalid frame: start=0xDF end=0xFF
[13:12:49][D][fujitsu.heatpump:083]: Invalid frame: start=0xFF end=0xDF
[13:12:50][D][status_led:050]: 'Status LED': Setting state ON
[13:12:51][D][status_led:050]: 'Status LED': Setting state OFF
[13:12:51][D][fujitsu.heatpump:083]: Invalid frame: start=0xDF end=0xFF
[13:12:51][D][fujitsu.heatpump:083]: Invalid frame: start=0xFF end=0xDF
[13:12:51][D][fujitsu.heatpump:083]: Invalid frame: start=0xDF end=0xFF
[13:12:51][D][fujitsu.heatpump:083]: Invalid frame: start=0xFF end=0xDF
[13:12:51][D][fujitsu.heatpump:083]: Invalid frame: start=0xDF end=0xFF
[13:12:51][D][fujitsu.heatpump:083]: Invalid frame: start=0xFF end=0xDF
[13:12:51][D][fujitsu.heatpump:083]: Invalid frame: start=0xDF end=0xFF
[13:12:51][D][fujitsu.heatpump:083]: Invalid frame: start=0xFF end=0xDF
[13:12:52][D][fujitsu.heatpump:083]: Invalid frame: start=0xDF end=0xFF
[13:12:52][D][fujitsu.heatpump:083]: Invalid frame: start=0xFF end=0xDF
[13:12:52][D][fujitsu.heatpump:083]: Invalid frame: start=0xDF end=0xFF
[13:12:52][D][fujitsu.heatpump:083]: Invalid frame: start=0xFF end=0xDF
[13:12:52][D][fujitsu.heatpump:083]: Invalid frame: start=0xDF end=0xFF
[13:12:52][D][fujitsu.heatpump:083]: Invalid frame: start=0xFF end=0xDF
[13:12:52][D][status_led:050]: 'Status LED': Setting state ON
[13:12:52][D][fujitsu.heatpump:083]: Invalid frame: start=0xDF end=0xFF
[13:12:52][D][fujitsu.heatpump:083]: Invalid frame: start=0xFF end=0xDF
[13:12:52][D][status_led:050]: 'Status LED': Setting state OFF
[13:12:55][D][fujitsu.heatpump:083]: Invalid frame: start=0xDF end=0xFF
[13:12:55][D][fujitsu.heatpump:083]: Invalid frame: start=0xFF end=0xDF
[13:12:55][D][fujitsu.heatpump:083]: Invalid frame: start=0xDF end=0xFF
[13:12:55][D][fujitsu.heatpump:083]: Invalid frame: start=0xFF end=0xDF
[13:12:55][D][fujitsu.heatpump:083]: Invalid frame: start=0xDF end=0xFF
[13:12:55][D][fujitsu.heatpump:083]: Invalid frame: start=0xFF end=0xDF
[13:12:55][D][status_led:050]: 'Status LED': Setting state ON
[13:12:55][D][fujitsu.heatpump:083]: Invalid frame: start=0xDF end=0xFF
[13:12:55][D][fujitsu.heatpump:083]: Invalid frame: start=0xFF end=0xDF
[13:12:55][D][fujitsu.heatpump:083]: Invalid frame: start=0xDF end=0xFF
[13:12:55][D][fujitsu.heatpump:083]: Invalid frame: start=0xFF end=0xDF
[13:12:55][D][status_led:050]: 'Status LED': Setting state OFF
[13:12:55][D][fujitsu.heatpump:083]: Invalid frame: start=0xDF end=0xFF
[13:12:55][D][fujitsu.heatpump:083]: Invalid frame: start=0xFF end=0xDF
[13:12:57][D][status_led:050]: 'Status LED': Setting state ON
[13:12:57][D][status_led:050]: 'Status LED': Setting state OFF
[13:12:57][D][fujitsu.heatpump:083]: Invalid frame: start=0xDF end=0xFF
[13:12:57][D][fujitsu.heatpump:083]: Invalid frame: start=0xFF end=0xDF
[13:12:57][D][fujitsu.heatpump:083]: Invalid frame: start=0xDF end=0xFF
[13:12:57][D][fujitsu.heatpump:083]: Invalid frame: start=0xFF end=0xDF
[13:12:57][D][fujitsu.heatpump:083]: Invalid frame: start=0xDF end=0xFF
[13:12:57][D][fujitsu.heatpump:083]: Invalid frame: start=0xFF end=0xDF
[13:12:57][D][fujitsu.heatpump:083]: Invalid frame: start=0xDF end=0xFF
[13:12:57][D][fujitsu.heatpump:083]: Invalid frame: start=0xFF end=0xDF
[13:12:59][D][main:328]: Status - WiFi: -62 dBm, Uptime: 0.0 hrs, Heap: 203992 bytes
[13:12:59][D][fujitsu.heatpump:083]: Invalid frame: start=0xDF end=0xFF
[13:12:59][D][fujitsu.heatpump:083]: Invalid frame: start=0xFF end=0xDF
[13:12:59][D][fujitsu.heatpump:083]: Invalid frame: start=0xDF end=0xFF
[13:12:59][D][fujitsu.heatpump:083]: Invalid frame: start=0xFF end=0xDF
[13:12:59][D][fujitsu.heatpump:083]: Invalid frame: start=0xDF end=0xFF
[13:12:59][D][fujitsu.heatpump:083]: Invalid frame: start=0xFF end=0xDF
[13:12:59][D][status_led:050]: 'Status LED': Setting state ON
[13:12:59][D][fujitsu.heatpump:083]: Invalid frame: start=0xDF end=0xFF
[13:12:59][D][fujitsu.heatpump:083]: Invalid frame: start=0xFF end=0xDF
[13:12:59][D][status_led:050]: 'Status LED': Setting state OFF
[13:12:59][D][fujitsu.heatpump:083]: Invalid frame: start=0xDF end=0xFF
[13:12:59][D][fujitsu.heatpump:083]: Invalid frame: start=0xFF end=0xDF
[13:12:59][V][sensor:043]: 'WiFi Signal': Received new state -65.000000
[13:12:59][D][sensor:094]: 'WiFi Signal': Sending state -65.00000 dBm with 0 decimals of accuracy
[13:13:00][D][fujitsu.heatpump:083]: Invalid frame: start=0xDF end=0xFF
[13:13:00][D][fujitsu.heatpump:083]: Invalid frame: start=0xFF end=0xDF
[13:13:00][D][fujitsu.heatpump:083]: Invalid frame: start=0xDF end=0xFF
[13:13:00][D][fujitsu.heatpump:083]: Invalid frame: start=0xFF end=0xDF
[13:13:00][D][fujitsu.heatpump:083]: Invalid frame: start=0xDF end=0xFF
[13:13:00][D][fujitsu.heatpump:083]: Invalid frame: start=0xFF end=0xDF
[13:13:00][D][status_led:050]: 'Status LED': Setting state ON
[13:13:00][D][status_led:050]: 'Status LED': Setting state OFF
[13:13:05][D][fujitsu.heatpump:083]: Invalid frame: start=0xDF end=0xFF
[13:13:05][D][fujitsu.heatpump:083]: Invalid frame: start=0xFF end=0xDF
[13:13:05][D][fujitsu.heatpump:083]: Invalid frame: start=0xDF end=0xFF
[13:13:05][D][fujitsu.heatpump:083]: Invalid frame: start=0xFF end=0xDF
[13:13:05][D][fujitsu.heatpump:083]: Invalid frame: start=0xDF end=0xFF
[13:13:05][D][fujitsu.heatpump:083]: Invalid frame: start=0xFF end=0xDF
[13:13:05][D][fujitsu.heatpump:083]: Invalid frame: start=0xDF end=0xFF
[13:13:05][D][fujitsu.heatpump:083]: Invalid frame: start=0xFF end=0xDF
[13:13:05][D][status_led:050]: 'Status LED': Setting state ON
[13:13:05][D][fujitsu.heatpump:083]: Invalid frame: start=0xDF end=0xFF
[13:13:05][D][fujitsu.heatpump:083]: Invalid frame: start=0xFF end=0xDF
[13:13:05][D][fujitsu.heatpump:083]: Invalid frame: start=0xDF end=0xFF
[13:13:05][D][fujitsu.heatpump:083]: Invalid frame: start=0xFF end=0xDF
[13:13:05][D][status_led:050]: 'Status LED': Setting state OFF
[13:13:05][D][fujitsu.heatpump:083]: Invalid frame: start=0xDF end=0xFF
[13:13:05][D][fujitsu.heatpump:083]: Invalid frame: start=0xFF end=0xDF
[13:13:05][D][fujitsu.heatpump:083]: Invalid frame: start=0xDF end=0xFF
[13:13:05][D][fujitsu.heatpump:083]: Invalid frame: start=0xFF end=0xDF
[13:13:05][D][fujitsu.heatpump:083]: Invalid frame: start=0xDF end=0xFF
[13:13:05][D][fujitsu.heatpump:083]: Invalid frame: start=0xFF end=0xDF
[13:13:05][D][status_led:050]: 'Status LED': Setting state ON
[13:13:05][D][fujitsu.heatpump:083]: Invalid frame: start=0xDF end=0xFF
[13:13:05][D][fujitsu.heatpump:083]: Invalid frame: start=0xFF end=0xDF
[13:13:05][D][status_led:050]: 'Status LED': Setting state OFF
[13:13:05][D][fujitsu.heatpump:083]: Invalid frame: start=0xDF end=0xFF
[13:13:05][D][fujitsu.heatpump:083]: Invalid frame: start=0xFF end=0xDF
[13:13:05][D][fujitsu.heatpump:083]: Invalid frame: start=0xDF end=0xFF
[13:13:05][D][fujitsu.heatpump:083]: Invalid frame: start=0xFF end=0xDF
[13:13:05][I][safe_mode:041]: Boot seems successful; resetting boot loop counter
[13:13:05][D][esp32.preferences:114]: Saving 1 preferences to flash...
[13:13:05][V][esp32.preferences:126]: sync: key: 233825507, len: 4
[13:13:05][D][esp32.preferences:143]: Saving 1 preferences to flash: 0 cached, 1 written, 0 failed
[13:13:07][D][status_led:050]: 'Status LED': Setting state ON
[13:13:07][D][fujitsu.heatpump:083]: Invalid frame: start=0xDF end=0xFF
[13:13:07][D][fujitsu.heatpump:083]: Invalid frame: start=0xFF end=0xDF
[13:13:07][D][fujitsu.heatpump:083]: Invalid frame: start=0xDF end=0xFF
[13:13:07][D][fujitsu.heatpump:083]: Invalid frame: start=0xFF end=0xDF
[13:13:07][D][fujitsu.heatpump:083]: Invalid frame: start=0xDF end=0xFF
[13:13:07][D][fujitsu.heatpump:083]: Invalid frame: start=0xFF end=0xDF
[13:13:07][D][status_led:050]: 'Status LED': Setting state OFF
[13:13:07][D][fujitsu.heatpump:083]: Invalid frame: start=0xDF end=0xFF
[13:13:07][D][fujitsu.heatpump:083]: Invalid frame: start=0xFF end=0xDF
