[08:23:14][I][app:100]: ESPHome version 2025.4.2 compiled on Aug 10 2026, 19:53:58
[08:23:14][I][app:102]: Project james.retro-fujitsu version 3B.15
[08:23:14][C][status_led:065]: Status Led Light:
[08:23:14][C][status_led:066]:   Pin: GPIO2
[08:23:14][C][wifi:600]: WiFi:
[08:23:14][C][wifi:428]:   Local MAC: A4:F0:0F:69:19:E8
[08:23:14][C][wifi:433]:   SSID: 'moose'
[08:23:14][C][wifi:436]:   IP Address: 192.168.1.39
[08:23:14][C][wifi:440]:   BSSID: 00:11:32:84:54:AF
[08:23:14][C][wifi:441]:   Hostname: 'aircon'
[08:23:14][C][wifi:443]:   Signal strength: -59 dB ▂▄▆█
[08:23:14][V][wifi:445]:   Priority: -4.0
[08:23:14][C][wifi:447]:   Channel: 2
[08:23:14][C][wifi:448]:   Subnet: 255.255.255.0
[08:23:14][C][wifi:449]:   Gateway: 192.168.1.1
[08:23:14][C][wifi:450]:   DNS1: 192.168.1.1
[08:23:14][C][wifi:451]:   DNS2: 0.0.0.0
[08:23:14][C][logger:177]: Logger:
[08:23:14][C][uart.arduino_esp32:151]: UART Bus 1:
[08:23:14][C][uart.arduino_esp32:152]:   TX Pin: GPIO17
[08:23:14][C][uart.arduino_esp32:153]:   RX Pin: GPIO16
[08:23:14][C][uart.arduino_esp32:155]:   RX Buffer Size: 256
[08:23:14][C][uart.arduino_esp32:157]:   Baud Rate: 500 baud
[08:23:14][C][uart.arduino_esp32:158]:   Data Bits: 8
[08:23:14][C][uart.arduino_esp32:159]:   Parity: NONE
[08:23:14][C][uart.arduino_esp32:160]:   Stop bits: 1
[08:23:14][C][uptime.sensor:033]: Uptime Sensor 'Uptime'
[08:23:14][C][uptime.sensor:033]:   Device Class: 'duration'
[08:23:14][C][uptime.sensor:033]:   State Class: 'total_increasing'
[08:23:14][C][uptime.sensor:033]:   Unit of Measurement: 's'
[08:23:14][C][uptime.sensor:033]:   Accuracy Decimals: 0
[08:23:14][C][uptime.sensor:033]:   Icon: 'mdi:timer-outline'
[08:23:14][V][uptime.sensor:033]:   Unique ID: 'a4f00f6919e8-uptime'
[08:23:14][C][uptime.sensor:034]:   Type: Seconds
[08:23:14][C][template.sensor:022]: Template Sensor 'Free Heap Memory'
[08:23:14][C][template.sensor:022]:   State Class: ''
[08:23:14][C][template.sensor:022]:   Unit of Measurement: 'bytes'
[08:23:14][C][template.sensor:022]:   Accuracy Decimals: 1
[08:23:14][C][template.sensor:023]:   Update Interval: 60.0s
[08:23:14][C][light:092]: Light 'Status LED'
[08:23:14][C][wifi_info:014]: WifiInfo Mac Address 'MAC Address'
[08:23:14][V][wifi_info:014]:   Unique ID: 'a4f00f6919e8-wifiinfo-macadr'
[08:23:14][C][version.text_sensor:021]: Version Text Sensor 'ESPHome Version'
[08:23:14][C][version.text_sensor:021]:   Icon: 'mdi:new-box'
[08:23:14][V][version.text_sensor:021]:   Unique ID: 'a4f00f6919e8-version'
[08:23:14][C][status:034]: Status Binary Sensor 'Status'
[08:23:14][C][status:034]:   Device Class: 'connectivity'
[08:23:14][C][restart:068]: Restart Switch 'Restart'
[08:23:15][C][restart:070]:   Icon: 'mdi:restart'
[08:23:15][C][restart:091]:   Restore Mode: always OFF
[08:23:15][C][safe_mode.button:024]: Safe Mode Button 'Safe Mode Boot'
[08:23:15][C][safe_mode.button:024]:   Icon: 'mdi:restart-alert'
[08:23:15][D][status_led:050]: 'Status LED': Setting state OFF
[08:23:15][C][homeassistant.time:010]: Home Assistant Time:
[08:23:15][C][homeassistant.time:011]:   Timezone: 'NZST-12NZDT,M9.5.0,M4.1.0/3'
[08:23:15][D][climate:396]: 'Fujitsu Heat Pump' - Sending state:
[08:23:15][D][climate:399]:   Mode: OFF
[08:23:15][D][climate:401]:   Action: OFF
[08:23:15][D][climate:404]:   Fan Mode: AUTO
[08:23:15][D][climate:419]:   Current Temperature: nan°C
[08:23:15][D][climate:425]:   Target Temperature: 26.00°C
[08:23:15][V][text_sensor:013]: 'Bus Status': Received new state Bus OK
[08:23:15][D][text_sensor:064]: 'Bus Status': Sending state 'Bus OK'
[08:23:15][V][text_sensor:013]: 'Corrected Mode': Received new state Auto (raw=5)
[08:23:15][D][text_sensor:064]: 'Corrected Mode': Sending state 'Auto (raw=5)'
[08:23:15][V][text_sensor:013]: 'Corrected Fan Raw': Received new state 0
[08:23:15][D][text_sensor:064]: 'Corrected Fan Raw': Sending state '0'
[08:23:15][W][component:239]: Component fujitsu_climate.climate took a long time for an operation (79 ms).
[08:23:15][W][component:240]: Components should block for at most 30 ms.
[08:23:15][C][captive_portal:089]: Captive Portal:
[08:23:15][C][web_server:285]: Web Server:
[08:23:15][C][web_server:286]:   Address: aircon.local:80
[08:23:15][C][mdns:116]: mDNS:
[08:23:15][C][mdns:117]:   Hostname: aircon
[08:23:15][V][mdns:118]:   Services:
[08:23:15][V][mdns:120]:   - _esphomelib, _tcp, 6053
[08:23:15][V][mdns:122]:     TXT: friendly_name = Aircon
[08:23:15][V][mdns:122]:     TXT: version = 2025.4.2
[08:23:15][V][mdns:122]:     TXT: mac = a4f00f6919e8
[08:23:15][V][mdns:122]:     TXT: platform = ESP32
[08:23:15][V][mdns:122]:     TXT: board = esp32dev
[08:23:15][V][mdns:122]:     TXT: network = wifi
[08:23:15][V][mdns:122]:     TXT: project_name = james.retro-fujitsu
[08:23:15][V][mdns:122]:     TXT: project_version = 3B.15
[08:23:15][V][mdns:120]:   - _http, _tcp, 80
[08:23:15][C][esphome.ota:073]: Over-The-Air updates:
[08:23:15][C][esphome.ota:074]:   Address: aircon.local:3232
[08:23:15][C][esphome.ota:075]:   Version: 2
[08:23:15][C][safe_mode:018]: Safe Mode:
[08:23:15][C][safe_mode:020]:   Boot considered successful after 60 seconds
[08:23:15][C][safe_mode:021]:   Invoke after 10 boot attempts
[08:23:15][C][safe_mode:023]:   Remain in safe mode for 600 seconds
[08:23:15][C][api:140]: API Server:
[08:23:15][C][api:141]:   Address: aircon.local:6053
[08:23:15][C][api:145]:   Using noise encryption: NO
[08:23:15][C][fujitsu.climate:132]: Fujitsu Heat Pump Climate:
[08:23:15][C][fujitsu.climate:133]:   Hardware present: YES
[08:23:15][C][fujitsu.climate:134]:   Controller: Secondary
[08:23:15][C][fujitsu.climate:135]:   LIN Interface: TJA1021
[08:23:15][C][wifi_signal.sensor:010]: WiFi Signal 'WiFi Signal'
[08:23:15][C][wifi_signal.sensor:010]:   Device Class: 'signal_strength'
[08:23:15][C][wifi_signal.sensor:010]:   State Class: 'measurement'
[08:23:15][C][wifi_signal.sensor:010]:   Unit of Measurement: 'dBm'
[08:23:15][C][wifi_signal.sensor:010]:   Accuracy Decimals: 0
[08:23:15][V][wifi_signal.sensor:010]:   Unique ID: 'a4f00f6919e8-wifisignal'
[08:23:15][C][wifi_info:012]: WifiInfo SSID 'WiFi SSID'
[08:23:15][V][wifi_info:012]:   Unique ID: 'a4f00f6919e8-wifiinfo-ssid'
[08:23:15][C][wifi_info:010]: WifiInfo IPAddress 'IP Address'
[08:23:15][V][wifi_info:010]:   Unique ID: 'a4f00f6919e8-wifiinfo-ip'
[08:23:15][D][fujitsu.heatpump:086]: UNIT  frame: FE DF DF 7F FF F4 E9 6B
[08:23:15][D][fujitsu.heatpump:128]: RAW [0xDF->0xDF]: FE DF DF 7F FF F4 E9 6B
[08:23:15][D][fujitsu.heatpump:153]:   B3=0x7F B4=0xFF (fixed overhead)
[08:23:15][D][fujitsu.heatpump:157]:   B5=0xF4  temp_raw=10 (->26°C) mode_nibble=0
[08:23:15][D][fujitsu.heatpump:158]:   B6=0xE9  (mapping TBD)
[08:23:15][I][fujitsu.heatpump:183]: State: pwr=OFF mode=0 temp=26°C room=nan°C fan=0
[08:23:15][D][fujitsu.climate:253]: State updated - Mode: 0, Target: 26.0°C, Current: nan°C
[08:23:15][D][fujitsu.heatpump:290]: CORR (experimental): pwr=ON mode=5 fan=0 err=0 econ=0 setpoint_raw=22(0=none) room=19C ctrl_present=0  raw=[20 80 00 0B 16 94 26 00]
[08:23:15][W][component:239]: Component fujitsu_climate.climate took a long time for an operation (62 ms).
[08:23:15][W][component:240]: Components should block for at most 30 ms.
[08:23:17][D][climate:396]: 'Fujitsu Heat Pump' - Sending state:
[08:23:17][D][climate:399]:   Mode: OFF
[08:23:17][D][climate:401]:   Action: OFF
[08:23:17][D][climate:404]:   Fan Mode: AUTO
[08:23:17][D][climate:419]:   Current Temperature: nan°C
[08:23:17][D][climate:425]:   Target Temperature: 26.00°C
[08:23:17][V][text_sensor:013]: 'Bus Status': Received new state Bus OK
[08:23:17][D][text_sensor:064]: 'Bus Status': Sending state 'Bus OK'
[08:23:17][V][text_sensor:013]: 'Corrected Mode': Received new state Auto (raw=5)
[08:23:17][D][text_sensor:064]: 'Corrected Mode': Sending state 'Auto (raw=5)'
[08:23:17][V][text_sensor:013]: 'Corrected Fan Raw': Received new state 0
[08:23:17][D][text_sensor:064]: 'Corrected Fan Raw': Sending state '0'
[08:23:17][W][component:239]: Component fujitsu_climate.climate took a long time for an operation (68 ms).
[08:23:17][W][component:240]: Components should block for at most 30 ms.
[08:23:17][D][status_led:050]: 'Status LED': Setting state ON
[08:23:17][D][fujitsu.heatpump:086]: UNIT  frame: FE DF DF 7F FF F4 E9 6B
[08:23:17][D][fujitsu.heatpump:128]: RAW [0xDF->0xDF]: FE DF DF 7F FF F4 E9 6B
[08:23:17][D][fujitsu.heatpump:153]:   B3=0x7F B4=0xFF (fixed overhead)
[08:23:17][D][fujitsu.heatpump:157]:   B5=0xF4  temp_raw=10 (->26°C) mode_nibble=0
[08:23:17][D][fujitsu.heatpump:158]:   B6=0xE9  (mapping TBD)
[08:23:17][I][fujitsu.heatpump:183]: State: pwr=OFF mode=0 temp=26°C room=nan°C fan=0
[08:23:17][D][fujitsu.climate:253]: State updated - Mode: 0, Target: 26.0°C, Current: nan°C
[08:23:17][D][fujitsu.heatpump:290]: CORR (experimental): pwr=ON mode=5 fan=0 err=0 econ=0 setpoint_raw=22(0=none) room=19C ctrl_present=0  raw=[20 80 00 0B 16 94 26 00]
[08:23:17][W][component:239]: Component fujitsu_climate.climate took a long time for an operation (66 ms).
[08:23:17][W][component:240]: Components should block for at most 30 ms.
[08:23:17][D][status_led:050]: 'Status LED': Setting state OFF
[08:23:17][D][climate:396]: 'Fujitsu Heat Pump' - Sending state:
[08:23:17][D][climate:399]:   Mode: OFF
[08:23:17][D][climate:401]:   Action: OFF
[08:23:17][D][climate:404]:   Fan Mode: AUTO
[08:23:17][D][climate:419]:   Current Temperature: nan°C
[08:23:17][D][climate:425]:   Target Temperature: 26.00°C
[08:23:17][V][text_sensor:013]: 'Bus Status': Received new state Bus OK
[08:23:17][D][text_sensor:064]: 'Bus Status': Sending state 'Bus OK'
[08:23:17][V][text_sensor:013]: 'Corrected Mode': Received new state Auto (raw=5)
[08:23:17][D][text_sensor:064]: 'Corrected Mode': Sending state 'Auto (raw=5)'
[08:23:17][V][text_sensor:013]: 'Corrected Fan Raw': Received new state 0
[08:23:17][D][text_sensor:064]: 'Corrected Fan Raw': Sending state '0'
[08:23:17][W][component:239]: Component fujitsu_climate.climate took a long time for an operation (71 ms).
[08:23:17][W][component:240]: Components should block for at most 30 ms.
[08:23:18][D][climate:396]: 'Fujitsu Heat Pump' - Sending state:
[08:23:18][D][climate:399]:   Mode: OFF
[08:23:18][D][climate:401]:   Action: OFF
[08:23:18][D][climate:404]:   Fan Mode: AUTO
[08:23:18][D][climate:419]:   Current Temperature: nan°C
[08:23:18][D][climate:425]:   Target Temperature: 26.00°C
[08:23:18][V][text_sensor:013]: 'Bus Status': Received new state Bus OK
[08:23:18][D][text_sensor:064]: 'Bus Status': Sending state 'Bus OK'
[08:23:18][V][text_sensor:013]: 'Corrected Mode': Received new state Auto (raw=5)
[08:23:18][D][text_sensor:064]: 'Corrected Mode': Sending state 'Auto (raw=5)'
[08:23:18][V][text_sensor:013]: 'Corrected Fan Raw': Received new state 0
[08:23:18][D][text_sensor:064]: 'Corrected Fan Raw': Sending state '0'
[08:23:18][W][component:239]: Component fujitsu_climate.climate took a long time for an operation (71 ms).
[08:23:18][W][component:240]: Components should block for at most 30 ms.
[08:23:18][D][fujitsu.heatpump:086]: UNIT  frame: FE DF DF 7F FF F4 E9 6B
[08:23:18][D][fujitsu.heatpump:128]: RAW [0xDF->0xDF]: FE DF DF 7F FF F4 E9 6B
[08:23:19][D][status_led:050]: 'Status LED': Setting state OFF
[08:23:19][D][climate:396]: 'Fujitsu Heat Pump' - Sending state:
[08:23:19][D][climate:399]:   Mode: OFF
[08:23:19][D][climate:401]:   Action: OFF
[08:23:19][D][climate:404]:   Fan Mode: AUTO
[08:23:19][D][climate:419]:   Current Temperature: nan°C
[08:23:19][D][climate:425]:   Target Temperature: 26.00°C
[08:23:19][V][text_sensor:013]: 'Bus Status': Received new state Bus OK
[08:23:19][D][text_sensor:064]: 'Bus Status': Sending state 'Bus OK'
[08:23:19][V][text_sensor:013]: 'Corrected Mode': Received new state Auto (raw=5)
[08:23:19][D][text_sensor:064]: 'Corrected Mode': Sending state 'Auto (raw=5)'
[08:23:19][V][text_sensor:013]: 'Corrected Fan Raw': Received new state 0
[08:23:19][D][text_sensor:064]: 'Corrected Fan Raw': Sending state '0'
[08:23:19][W][component:239]: Component fujitsu_climate.climate took a long time for an operation (68 ms).
[08:23:19][W][component:240]: Components should block for at most 30 ms.
[08:23:19][V][sensor:043]: 'WiFi Signal': Received new state -64.000000
[08:23:19][D][sensor:094]: 'WiFi Signal': Sending state -64.00000 dBm with 0 decimals of accuracy
[08:23:21][D][climate:396]: 'Fujitsu Heat Pump' - Sending state:
[08:23:21][D][climate:399]:   Mode: OFF
[08:23:21][D][climate:401]:   Action: OFF
[08:23:21][D][climate:404]:   Fan Mode: AUTO
[08:23:21][D][climate:419]:   Current Temperature: nan°C
[08:23:21][D][climate:425]:   Target Temperature: 26.00°C
[08:23:21][V][text_sensor:013]: 'Bus Status': Received new state Bus OK
[08:23:21][D][text_sensor:064]: 'Bus Status': Sending state 'Bus OK'
[08:23:21][V][text_sensor:013]: 'Corrected Mode': Received new state Auto (raw=5)
[08:23:21][D][text_sensor:064]: 'Corrected Mode': Sending state 'Auto (raw=5)'
[08:23:21][V][text_sensor:013]: 'Corrected Fan Raw': Received new state 0
[08:23:21][D][text_sensor:064]: 'Corrected Fan Raw': Sending state '0'
[08:23:21][W][component:239]: Component fujitsu_climate.climate took a long time for an operation (69 ms).
[08:23:21][W][component:240]: Components should block for at most 30 ms.
[08:23:21][D][fujitsu.heatpump:086]: UNIT  frame: FE DF DF 7F FF F4 E9 6B
[08:23:21][D][fujitsu.heatpump:128]: RAW [0xDF->0xDF]: FE DF DF 7F FF F4 E9 6B
[08:23:21][D][status_led:050]: 'Status LED': Setting state ON
[08:23:21][V][sensor:043]: 'Free Heap Memory': Received new state 181520.000000
[08:23:21][D][sensor:094]: 'Free Heap Memory': Sending state 181520.00000 bytes with 1 decimals of accuracy
[08:23:21][D][status_led:050]: 'Status LED': Setting state OFF
[08:23:21][D][climate:396]: 'Fujitsu Heat Pump' - Sending state:
[08:23:21][D][climate:399]:   Mode: OFF
[08:23:21][D][climate:401]:   Action: OFF
[08:23:21][D][climate:404]:   Fan Mode: AUTO
[08:23:21][D][climate:419]:   Current Temperature: nan°C
[08:23:21][D][climate:425]:   Target Temperature: 26.00°C
[08:23:21][V][text_sensor:013]: 'Bus Status': Received new state Bus OK
[08:23:21][D][text_sensor:064]: 'Bus Status': Sending state 'Bus OK'
[08:23:21][V][text_sensor:013]: 'Corrected Mode': Received new state Auto (raw=5)
[08:23:21][D][text_sensor:064]: 'Corrected Mode': Sending state 'Auto (raw=5)'
[08:23:21][V][text_sensor:013]: 'Corrected Fan Raw': Received new state 0
[08:23:21][D][text_sensor:064]: 'Corrected Fan Raw': Sending state '0'
[08:23:21][W][component:239]: Component fujitsu_climate.climate took a long time for an operation (70 ms).
[08:23:21][W][component:240]: Components should block for at most 30 ms.
[08:23:23][D][climate:396]: 'Fujitsu Heat Pump' - Sending state:
[08:23:23][D][climate:399]:   Mode: OFF
[08:23:23][D][climate:401]:   Action: OFF
[08:23:23][D][climate:404]:   Fan Mode: AUTO
[08:23:23][D][climate:419]:   Current Temperature: nan°C
[08:23:23][D][climate:425]:   Target Temperature: 26.00°C
[08:23:23][V][text_sensor:013]: 'Bus Status': Received new state Bus OK
[08:23:23][D][text_sensor:064]: 'Bus Status': Sending state 'Bus OK'
[08:23:23][V][text_sensor:013]: 'Corrected Mode': Received new state Auto (raw=5)
[08:23:23][D][text_sensor:064]: 'Corrected Mode': Sending state 'Auto (raw=5)'
[08:23:23][V][text_sensor:013]: 'Corrected Fan Raw': Received new state 0
[08:23:23][D][text_sensor:064]: 'Corrected Fan Raw': Sending state '0'
[08:23:23][W][component:239]: Component fujitsu_climate.climate took a long time for an operation (73 ms).
[08:23:23][W][component:240]: Components should block for at most 30 ms.
[08:23:23][D][fujitsu.heatpump:086]: UNIT  frame: FE DF DF 7F FF F4 E9 6B
[08:23:23][D][fujitsu.heatpump:128]: RAW [0xDF->0xDF]: FE DF DF 7F FF F4 E9 6B
[08:23:23][D][fujitsu.heatpump:153]:   B3=0x7F B4=0xFF (fixed overhead)
[08:23:23][D][fujitsu.heatpump:157]:   B5=0xF4  temp_raw=10 (->26°C) mode_nibble=0
[08:23:23][D][fujitsu.heatpump:158]:   B6=0xE9  (mapping TBD)
[08:23:23][I][fujitsu.heatpump:183]: State: pwr=OFF mode=0 temp=26°C room=nan°C fan=0
[08:23:23][D][fujitsu.climate:253]: State updated - Mode: 0, Target: 26.0°C, Current: nan°C
[08:23:23][D][fujitsu.heatpump:290]: CORR (experimental): pwr=ON mode=5 fan=0 err=0 econ=0 setpoint_raw=22(0=none) room=19C ctrl_present=0  raw=[20 80 00 0B 16 94 26 00]
[08:23:23][W][component:239]: Component fujitsu_climate.climate took a long time for an operation (69 ms).
[08:23:23][W][component:240]: Components should block for at most 30 ms.
[08:23:23][D][status_led:050]: 'Status LED': Setting state ON
[08:23:23][D][status_led:050]: 'Status LED': Setting state OFF
[08:23:23][D][climate:396]: 'Fujitsu Heat Pump' - Sending state:
[08:23:23][D][climate:399]:   Mode: OFF
[08:23:23][D][climate:401]:   Action: OFF
[08:23:23][D][climate:404]:   Fan Mode: AUTO
[08:23:23][D][climate:419]:   Current Temperature: nan°C
[08:23:23][D][climate:425]:   Target Temperature: 26.00°C
[08:23:23][V][text_sensor:013]: 'Bus Status': Received new state Bus OK
[08:23:23][D][text_sensor:064]: 'Bus Status': Sending state 'Bus OK'
[08:23:23][V][text_sensor:013]: 'Corrected Mode': Received new state Auto (raw=5)
[08:23:23][D][text_sensor:064]: 'Corrected Mode': Sending state 'Auto (raw=5)'
[08:23:23][V][text_sensor:013]: 'Corrected Fan Raw': Received new state 0
[08:23:23][D][text_sensor:064]: 'Corrected Fan Raw': Sending state '0'
[08:23:23][W][component:239]: Component fujitsu_climate.climate took a long time for an operation (68 ms).
[08:23:23][W][component:240]: Components should block for at most 30 ms.
[08:23:23][D][fujitsu.heatpump:086]: UNIT  frame: FE DF DF 7F FF F4 E9 6B
[08:23:23][D][fujitsu.heatpump:128]: RAW [0xDF->0xDF]: FE DF DF 7F FF F4 E9 6B
[08:23:23][D][fujitsu.heatpump:153]:   B3=0x7F B4=0xFF (fixed overhead)
[08:23:23][D][fujitsu.heatpump:157]:   B5=0xF4  temp_raw=10 (->26°C) mode_nibble=0
[08:23:23][D][fujitsu.heatpump:158]:   B6=0xE9  (mapping TBD)
[08:23:23][I][fujitsu.heatpump:183]: State: pwr=OFF mode=0 temp=26°C room=nan°C fan=0
[08:23:23][D][fujitsu.climate:253]: State updated - Mode: 0, Target: 26.0°C, Current: nan°C
[08:23:23][D][fujitsu.heatpump:290]: CORR (experimental): pwr=ON mode=5 fan=0 err=0 econ=0 setpoint_raw=22(0=none) room=19C ctrl_present=0  raw=[20 80 00 0B 16 94 26 00]
[08:23:23][W][component:239]: Component fujitsu_climate.climate took a long time for an operation (63 ms).
[08:23:23][W][component:240]: Components should block for at most 30 ms.
