INFO ESPHome 2025.4.2
INFO Reading configuration retrofujitsu.yaml...
WARNING GPIO2 is a strapping PIN and should only be used for I/O with care.
Attaching external pullup/down resistors to strapping pins can cause unexpected failures.
See https://esphome.io/guides/faq.html#why-am-i-getting-a-warning-about-strapping-pins
INFO Detected timezone 'Pacific/Auckland'
INFO Starting log output from 192.168.1.39 using esphome API
INFO Successfully connected to aircon @ 192.168.1.39 in 0.347s
INFO Successful handshake with aircon @ 192.168.1.39 in 0.067s
ERROR Exception in callback _ProactorReadPipeTransport._loop_reading()
handle: <Handle _ProactorReadPipeTransport._loop_reading()>
Traceback (most recent call last):
  File "C:\Users\james\AppData\Local\Programs\Python\Python313\Lib\asyncio\events.py", line 89, in _run
    self._context.run(self._callback, *self._args)
    ~~~~~~~~~~~~~~~~~^^^^^^^^^^^^^^^^^^^^^^^^^^^^^
  File "C:\Users\james\AppData\Local\Programs\Python\Python313\Lib\asyncio\proactor_events.py", line 325, in _loop_reading
    self._data_received(data, length)
    ~~~~~~~~~~~~~~~~~~~^^^^^^^^^^^^^^
  File "C:\Users\james\AppData\Local\Programs\Python\Python313\Lib\asyncio\proactor_events.py", line 274, in _data_received
    self._protocol.data_received(data)
    ~~~~~~~~~~~~~~~~~~~~~~~~~~~~^^^^^^
  File "C:\Users\james\AppData\Local\Programs\Python\Python313\Lib\site-packages\aioesphomeapi\_frame_helper\plain_text.py", line 106, in data_received
    self._connection.process_packet(msg_type, packet_data)
    ~~~~~~~~~~~~~~~~~~~~~~~~~~~~~~~^^^^^^^^^^^^^^^^^^^^^^^
  File "C:\Users\james\AppData\Local\Programs\Python\Python313\Lib\site-packages\aioesphomeapi\connection.py", line 960, in process_packet
    handler(msg)
    ~~~~~~~^^^^^
  File "C:\Users\james\AppData\Local\Programs\Python\Python313\Lib\site-packages\esphome\components\api\client.py", line 51, in on_log
    print(f"[{time_.hour:02}:{time_.minute:02}:{time_.second:02}]{text}")
    ~~~~~^^^^^^^^^^^^^^^^^^^^^^^^^^^^^^^^^^^^^^^^^^^^^^^^^^^^^^^^^^^^^^^^
  File "C:\Users\james\AppData\Local\Programs\Python\Python313\Lib\site-packages\colorama\ansitowin32.py", line 47, in write
    self.__convertor.write(text)
    ~~~~~~~~~~~~~~~~~~~~~~^^^^^^
  File "C:\Users\james\AppData\Local\Programs\Python\Python313\Lib\site-packages\colorama\ansitowin32.py", line 177, in write
    self.write_and_convert(text)
    ~~~~~~~~~~~~~~~~~~~~~~^^^^^^
  File "C:\Users\james\AppData\Local\Programs\Python\Python313\Lib\site-packages\colorama\ansitowin32.py", line 202, in write_and_convert
    self.write_plain_text(text, cursor, start)
    ~~~~~~~~~~~~~~~~~~~~~^^^^^^^^^^^^^^^^^^^^^
  File "C:\Users\james\AppData\Local\Programs\Python\Python313\Lib\site-packages\colorama\ansitowin32.py", line 210, in write_plain_text
    self.wrapped.write(text[start:end])
    ~~~~~~~~~~~~~~~~~~^^^^^^^^^^^^^^^^^
  File "C:\Users\james\AppData\Local\Programs\Python\Python313\Lib\encodings\cp1252.py", line 19, in encode
    return codecs.charmap_encode(input,self.errors,encoding_table)[0]
           ~~~~~~~~~~~~~~~~~~~~~^^^^^^^^^^^^^^^^^^^^^^^^^^^^^^^^^^
UnicodeEncodeError: 'charmap' codec can't encode characters in position 0-2: character maps to <undefined>
